Using bundled DotNet SDK version: 8.0.412 win-x64
Running UnrealBuildTool: dotnet "..\..\Engine\Binaries\DotNET\UnrealBuildTool\UnrealBuildTool.dll" SibeliusGameEditor Win64 Development -project=C:\Users\wpark\projects\sibelius-game\SibeliusGame.uproject -waitmutex
Log file: C:\Users\wpark\AppData\Local\UnrealBuildTool\Log.txt
Using 'git status' to determine working set for adaptive non-unity build (C:\Users\wpark\projects\sibelius-game).
Invalidating makefile for SibeliusGameEditor (DefaultGame.ini modified)
UHT compiled-in object format Default
Parsing headers for SibeliusGameEditor
  Running Internal UnrealHeaderTool C:\Users\wpark\projects\sibelius-game\SibeliusGame.uproject C:\Users\wpark\projects\sibelius-game\Intermediate\Build\Win64\SibeliusGameEditor\Development\SibeliusGameEditor.uhtmanifest -WarningsAsErrors -installed
UHT processed SibeliusGameEditor in 5.0242692 seconds (2 files written)
Building SibeliusGameEditor...
Using Visual Studio 2026 14.44.35227 toolchain (C:\Program Files\Microsoft Visual Studio\18\Community\VC\Tools\MSVC\14.44.35207) and Windows 10.0.22621.0 SDK (C:\Program Files (x86)\Windows Kits\10).
[Adaptive Build] Excluded from SibeliusGame unity file: FinaleAltar.cpp
Determining max actions to execute in parallel (20 physical cores, 28 logical cores)
  Executing up to 20 processes, one per physical core
  Requested 1.5 GB memory per action, 21.01 GB available: limiting max parallel actions to 14
Using Unreal Build Accelerator local executor to run 12 action(s)
  Storage capacity 40Gb
---- Starting trace: 260802_182908 ----
UbaSessionServer - Disable remote execution (remote sessions will finish current processes)
[1/12] Compile [x64] Module.SibeliusGame.2.cpp
[2/12] Compile [x64] FinaleAltar.cpp
[3/12] Compile [x64] Module.PCGExtendedToolkit.cpp
[4/12] Link [x64] UnrealEditor-PCGExtendedToolkit.lib
[5/12] Link [x64] UnrealEditor-PCGExtendedToolkit.dll
[6/12] Compile [x64] Module.SibeliusGame.5.cpp
[7/12] Link [x64] UnrealEditor-SibeliusGame.lib
[8/12] Link [x64] UnrealEditor-SibeliusGame.dll
[9/12] Compile [x64] Module.SibeliusGameEditor.cpp
[10/12] Link [x64] UnrealEditor-SibeliusGameEditor.lib
[11/12] Link [x64] UnrealEditor-SibeliusGameEditor.dll
[12/12] WriteMetadata SibeliusGameEditor.target [NoUba]

Trace written to file C:/Users/wpark/AppData/Local/UnrealBuildTool/Log.uba with size 7.7kb
Total time in Unreal Build Accelerator local executor: 32.60 seconds

Result: Succeeded
Total execution time: 43.91 seconds
