Using bundled DotNet SDK version: 8.0.412 win-x64
Running UnrealBuildTool: dotnet "..\..\Engine\Binaries\DotNET\UnrealBuildTool\UnrealBuildTool.dll" SibeliusGameEditor Win64 Development -project=C:\Users\wpark\projects\sibelius-game\SibeliusGame.uproject -waitmutex
Log file: C:\Users\wpark\AppData\Local\UnrealBuildTool\Log.txt
Using 'git status' to determine working set for adaptive non-unity build (C:\Users\wpark\projects\sibelius-game).
Invalidating makefile for SibeliusGameEditor (working set of source files changed)
UHT compiled-in object format Default
Parsing headers for SibeliusGameEditor
  Running Internal UnrealHeaderTool C:\Users\wpark\projects\sibelius-game\SibeliusGame.uproject C:\Users\wpark\projects\sibelius-game\Intermediate\Build\Win64\SibeliusGameEditor\Development\SibeliusGameEditor.uhtmanifest -WarningsAsErrors -installed
UHT processed SibeliusGameEditor in 1.6589075 seconds (2 files written)
Building SibeliusGameEditor...
Using Visual Studio 2026 14.44.35228 toolchain (C:\Program Files\Microsoft Visual Studio\18\Community\VC\Tools\MSVC\14.44.35207) and Windows 10.0.22621.0 SDK (C:\Program Files (x86)\Windows Kits\10).
[Adaptive Build] Excluded from SibeliusGame unity file: CathedralDoor.cpp, ProgressionTypes.cpp
Determining max actions to execute in parallel (20 physical cores, 28 logical cores)
  Executing up to 20 processes, one per physical core
  Requested 1.5 GB memory per action, 19.74 GB available: limiting max parallel actions to 13
Using Unreal Build Accelerator local executor to run 16 action(s)
  Storage capacity 40Gb
---- Starting trace: 260828_092222 ----
UbaServer - Listening on 0.0.0.0:1345
[1/16] Compile [x64] ProgressionTypes.cpp
[2/16] Compile [x64] CathedralDoor.cpp
[3/16] Compile [x64] Module.SibeliusGame.2.cpp
[4/16] Compile [x64] Module.SibeliusGame.4.cpp
[5/16] Compile [x64] Module.SibeliusGame.6.cpp
[6/16] Compile [x64] Module.SibeliusGame.5.cpp
[7/16] Compile [x64] Module.SibeliusGame.3.cpp
[8/16] Compile [x64] Module.SibeliusGameEditor.cpp
[9/16] Link [x64] UnrealEditor-SibeliusGameEditor.lib
[10/16] Compile [x64] Module.SibeliusGame.8.cpp
[11/16] Compile [x64] Module.SibeliusGame.9.cpp
C:\Users\wpark\projects\sibelius-game\Source\SibeliusGame\SwarmBenchSubsystem.cpp(536,49): warning C4996: 'GGPUFrameTime': Direct use of GGPUFrameTime is deprecated. Call the global scope RHIGetGPUFrameCycles() function instead. - Please update your code to the new API before upgrading to the next release, otherwise your project will no longer compile.
	RidgeGpuMs    += FPlatformTime::ToMilliseconds(GGPUFrameTime);
	                                               ^
[12/16] Compile [x64] Module.SibeliusGame.7.cpp
[13/16] Link [x64] UnrealEditor-SibeliusGame.lib
[14/16] Link [x64] UnrealEditor-SibeliusGameEditor.dll
[15/16] Link [x64] UnrealEditor-SibeliusGame.dll
[16/16] WriteMetadata SibeliusGameEditor.target [NoUba]

Trace written to file C:/Users/wpark/AppData/Local/UnrealBuildTool/Log.uba with size 7.0kb
Total time in Unreal Build Accelerator local executor: 12.57 seconds

Result: Succeeded
Total execution time: 18.68 seconds
