Using bundled DotNet SDK version: 8.0.412 win-x64
Running UnrealBuildTool: dotnet "..\..\Engine\Binaries\DotNET\UnrealBuildTool\UnrealBuildTool.dll" SibeliusGameEditor Win64 Development -project=C:\Users\wpark\projects\sibelius-game\SibeliusGame.uproject -waitmutex
Log file: C:\Users\wpark\AppData\Local\UnrealBuildTool\Log.txt
Using 'git status' to determine working set for adaptive non-unity build (C:\Users\wpark\projects\sibelius-game).
Creating makefile for SibeliusGameEditor (.uproject file is newer)
UHT compiled-in object format Default
Parsing headers for SibeliusGameEditor
  Running Internal UnrealHeaderTool C:\Users\wpark\projects\sibelius-game\SibeliusGame.uproject C:\Users\wpark\projects\sibelius-game\Intermediate\Build\Win64\SibeliusGameEditor\Development\SibeliusGameEditor.uhtmanifest -WarningsAsErrors -installed
UHT processed SibeliusGameEditor in 3.3976587 seconds (0 files written)
Building SibeliusGameEditor...
Using Visual Studio 2026 14.44.35227 toolchain (C:\Program Files\Microsoft Visual Studio\18\Community\VC\Tools\MSVC\14.44.35207) and Windows 10.0.22621.0 SDK (C:\Program Files (x86)\Windows Kits\10).
Determining max actions to execute in parallel (20 physical cores, 28 logical cores)
  Executing up to 20 processes, one per physical core
  Requested 1.5 GB memory per action, 15.6 GB available: limiting max parallel actions to 10
Using Unreal Build Accelerator local executor to run 10 action(s)
  Storage capacity 40Gb
---- Starting trace: 260619_161848 ----
UbaServer - Listening on 0.0.0.0:1345
[1/10] Compile [x64] ElsewhereSmokeTestCommandlet.cpp
[2/10] Link [x64] UnrealEditor-SibeliusGameEditor.lib
[3/10] Compile [x64] Module.SibeliusGame.2.cpp
[4/10] Compile [x64] Module.SibeliusGame.3.cpp
[5/10] Compile [x64] Module.SibeliusGame.5.cpp
[6/10] Compile [x64] Module.SibeliusGame.6.cpp
[7/10] Link [x64] UnrealEditor-SibeliusGame.lib
[8/10] Link [x64] UnrealEditor-SibeliusGameEditor.dll
[9/10] Link [x64] UnrealEditor-SibeliusGame.dll
[10/10] WriteMetadata SibeliusGameEditor.target [NoUba]

Trace written to file C:/Users/wpark/AppData/Local/UnrealBuildTool/Log.uba with size 6.6kb
Total time in Unreal Build Accelerator local executor: 24.75 seconds

Result: Succeeded
Total execution time: 33.42 seconds
